
/home/runner/work/exp-welding-ndyag-laser-coep/exp-welding-ndyag-laser-coep/experiment/simulation/js/adapters/mootools-adapter.js
   9:214  warning  'Fx' is not defined        no-undef
   9:239  warning  'Fx' is not defined        no-undef
  10:226  warning  'Fx' is not defined        no-undef
  10:239  warning  '$' is not defined         no-undef
  10:258  warning  'Fx' is not defined        no-undef
  10:385  warning  '$each' is not defined     no-undef
  11:36   warning  '$merge' is not defined    no-undef
  11:205  warning  '$' is not defined         no-undef
  11:218  warning  'Events' is not defined    no-undef
  12:115  warning  'DOMEvent' is not defined  no-undef

/home/runner/work/exp-welding-ndyag-laser-coep/exp-welding-ndyag-laser-coep/experiment/simulation/js/adapters/mootools-adapter.src.js
  11:17  warning  '$extend' is defined but never used                       no-unused-vars
  11:49  warning  'Event' is already defined as a built-in global variable  no-redeclare
  36:35  warning  'to' is defined but never used                            no-unused-vars

/home/runner/work/exp-welding-ndyag-laser-coep/exp-welding-ndyag-laser-coep/experiment/simulation/js/adapters/prototype-adapter.js
  10:97   warning  'Effect' is not defined  no-undef
  10:125  warning  'Class' is not defined   no-undef
  10:138  warning  'Effect' is not defined  no-undef
  11:461  warning  '$' is not defined       no-undef
  12:131  warning  'Effect' is not defined  no-undef
  12:159  warning  '$' is not defined       no-undef
  12:421  warning  '$A' is not defined      no-undef
  13:140  warning  '$' is not defined       no-undef
  13:194  warning  '$' is not defined       no-undef

/home/runner/work/exp-welding-ndyag-laser-coep/exp-welding-ndyag-laser-coep/experiment/simulation/js/adapters/prototype-adapter.src.js
   17:25  warning  'Event' is already defined as a built-in global variable  no-redeclare
  137:5   warning  'fx' is assigned a value but never used                   no-unused-vars

/home/runner/work/exp-welding-ndyag-laser-coep/exp-welding-ndyag-laser-coep/experiment/simulation/js/chosen.jquery.min.js
  10:2270   warning  'a' is defined but never used           no-unused-vars
  10:2404   warning  'a' is defined but never used           no-unused-vars
  10:3216   warning  'a' is defined but never used           no-unused-vars
  10:4082   warning  'b' is assigned a value but never used  no-unused-vars
  10:4370   warning  'jQuery' is not defined                 no-undef
  10:4507   warning  'd' is defined but never used           no-unused-vars
  10:9087   warning  'a' is defined but never used           no-unused-vars
  10:12567  warning  'a' is defined but never used           no-unused-vars
  10:20146  warning  'd' is assigned a value but never used  no-unused-vars
  10:20852  warning  'AbstractChosen' is not defined         no-undef
  10:20895  warning  'b' is assigned a value but never used  no-unused-vars

/home/runner/work/exp-welding-ndyag-laser-coep/exp-welding-ndyag-laser-coep/experiment/simulation/js/highcharts.js
   10:101  warning  'b' is already defined                                           no-redeclare
   10:131  warning  'd' is already defined                                           no-redeclare
   10:161  warning  'e' is already defined                                           no-redeclare
   10:174  warning  'c' is already defined                                           no-redeclare
   10:411  warning  'a' is already defined                                           no-redeclare
   11:145  warning  'g' is already defined                                           no-redeclare
   17:475  warning  'e' is already defined                                           no-redeclare
   18:21   warning  'i' is already defined                                           no-redeclare
   23:184  warning  'd' is already defined                                           no-redeclare
   24:223  warning  'Ab' is already defined                                          no-redeclare
   25:257  warning  'a' is already defined                                           no-redeclare
   25:357  warning  'd' is already defined                                           no-redeclare
   25:401  warning  'd' is already defined                                           no-redeclare
   31:283  warning  'e' is already defined                                           no-redeclare
   31:341  warning  'c' is already defined                                           no-redeclare
   32:27   warning  'd' is already defined                                           no-redeclare
   32:196  warning  'a' is already defined                                           no-redeclare
   32:242  warning  'c' is already defined                                           no-redeclare
   37:160  warning  'c' is already defined                                           no-redeclare
   41:89   warning  'a' is already defined                                           no-redeclare
   42:335  warning  'f' is already defined                                           no-redeclare
   43:62   warning  'a' is already defined                                           no-redeclare
   45:212  warning  'e' is already defined                                           no-redeclare
   45:227  warning  'd' is already defined                                           no-redeclare
   46:315  warning  'a' is already defined                                           no-redeclare
   49:387  warning  'b' is already defined                                           no-redeclare
   50:213  warning  'a' is already defined                                           no-redeclare
   56:28   warning  'a' is already defined                                           no-redeclare
   56:59   warning  'A' is already defined                                           no-redeclare
   57:79   warning  'h' is already defined                                           no-redeclare
   57:240  warning  'a' is already defined                                           no-redeclare
   72:52   warning  'a' is already defined                                           no-redeclare
   72:79   warning  'b' is already defined                                           no-redeclare
   72:171  warning  'b' is already defined                                           no-redeclare
   73:103  warning  'b' is already defined                                           no-redeclare
   73:151  warning  'b' is already defined                                           no-redeclare
   73:166  warning  'c' is already defined                                           no-redeclare
   74:292  warning  'jQuery' is not defined                                          no-undef
   74:299  warning  'l' is already defined                                           no-redeclare
   74:386  warning  'lc' is already defined                                          no-redeclare
   74:397  warning  'qb' is already defined                                          no-redeclare
   74:487  warning  'Q' is already defined                                           no-redeclare
   75:58   warning  'ha' is already defined                                          no-redeclare
   75:94   warning  'Na' is already defined                                          no-redeclare
   75:229  warning  'ga' is already defined                                          no-redeclare
   75:397  warning  'Ub' is already defined                                          no-redeclare
   75:476  warning  'Eb' is already defined                                          no-redeclare
   76:88   warning  'jQuery' is not defined                                          no-undef
   76:115  warning  'jQuery' is not defined                                          no-undef
   84:181  warning  'y' is already defined                                           no-redeclare
   85:447  warning  Expected a conditional expression and instead saw an assignment  no-cond-assign
   87:95   warning  Expected a conditional expression and instead saw an assignment  no-cond-assign
   92:227  warning  'a' is already defined                                           no-redeclare
   92:486  warning  'b' is already defined                                           no-redeclare
   95:147  warning  'c' is already defined                                           no-redeclare
  101:382  warning  'c' is already defined                                           no-redeclare
  103:98   warning  'c' is already defined                                           no-redeclare
  106:322  warning  'g' is already defined                                           no-redeclare
  108:118  warning  'f' is already defined                                           no-redeclare
  108:126  warning  'd' is already defined                                           no-redeclare
  108:341  warning  'a' is already defined                                           no-redeclare
  108:474  warning  'b' is already defined                                           no-redeclare
  108:493  warning  'c' is already defined                                           no-redeclare
  110:29   warning  'b' is already defined                                           no-redeclare
  110:41   warning  'c' is already defined                                           no-redeclare
  110:53   warning  'a' is already defined                                           no-redeclare
  111:95   warning  'd' is already defined                                           no-redeclare
  115:39   warning  Expected a conditional expression and instead saw an assignment  no-cond-assign
  117:3    warning  'c' is already defined                                           no-redeclare
  117:26   warning  'd' is already defined                                           no-redeclare
  120:293  warning  'b' is already defined                                           no-redeclare
  122:153  warning  'a' is already defined                                           no-redeclare
  124:342  warning  'd' is already defined                                           no-redeclare
  125:167  warning  'd' is already defined                                           no-redeclare
  125:190  warning  'c' is already defined                                           no-redeclare
  128:32   warning  'a' is already defined                                           no-redeclare
  129:327  warning  'b' is already defined                                           no-redeclare
  131:292  warning  'a' is already defined                                           no-redeclare
  133:208  warning  'b' is already defined                                           no-redeclare
  135:334  warning  'a' is already defined                                           no-redeclare
  136:368  warning  'a' is already defined                                           no-redeclare
  141:34   warning  'a' is already defined                                           no-redeclare
  141:42   warning  'b' is already defined                                           no-redeclare
  141:50   warning  'c' is already defined                                           no-redeclare
  141:58   warning  'd' is already defined                                           no-redeclare
  143:39   warning  Unnecessary escape character: \.                                 no-useless-escape
  148:349  warning  'f' is already defined                                           no-redeclare
  150:379  warning  'b' is already defined                                           no-redeclare
  150:393  warning  'a' is already defined                                           no-redeclare
  151:218  warning  Expected a conditional expression and instead saw an assignment  no-cond-assign
  152:381  warning  'h' is already defined                                           no-redeclare
  154:141  warning  'g' is already defined                                           no-redeclare
  156:211  warning  'h' is already defined                                           no-redeclare
  156:275  warning  'z' is already defined                                           no-redeclare
  159:446  warning  'a' is already defined                                           no-redeclare
  162:167  warning  Expected a conditional expression and instead saw an assignment  no-cond-assign
  163:347  warning  'b' is already defined                                           no-redeclare
  164:183  warning  'y' is assigned a value but never used                           no-unused-vars
  164:213  warning  'f' is already defined                                           no-redeclare
  164:241  warning  Expected a conditional expression and instead saw an assignment  no-cond-assign
  167:238  warning  'm' is already defined                                           no-redeclare

/home/runner/work/exp-welding-ndyag-laser-coep/exp-welding-ndyag-laser-coep/experiment/simulation/js/highcharts.src.js
    13:10   warning  'document' is already defined as a built-in global variable       no-redeclare
    13:20   warning  'window' is already defined as a built-in global variable         no-redeclare
    13:28   warning  'navigator' is already defined as a built-in global variable      no-redeclare
    13:39   warning  'setInterval' is already defined as a built-in global variable    no-redeclare
    13:52   warning  'clearInterval' is already defined as a built-in global variable  no-redeclare
    13:67   warning  'clearTimeout' is already defined as a built-in global variable   no-redeclare
    13:81   warning  'setTimeout' is already defined as a built-in global variable     no-redeclare
    13:93   warning  'location' is already defined as a built-in global variable       no-redeclare
    13:111  warning  '$' is defined but never used                                     no-unused-vars
  2425:45   warning  Unnecessary escape character: \"                                  no-useless-escape
  2425:79   warning  Unnecessary escape character: \"                                  no-useless-escape
  6569:8    warning  'lastWasOutsidePlot' is assigned a value but never used           no-unused-vars
  9609:23   warning  Unnecessary escape character: \.                                  no-useless-escape

/home/runner/work/exp-welding-ndyag-laser-coep/exp-welding-ndyag-laser-coep/experiment/simulation/js/jquery-1.6.2.min.js
  16:820    warning  Empty block statement                                            no-empty
  16:877    warning  Empty block statement                                            no-empty
  16:4181   warning  Expected a conditional expression and instead saw an assignment  no-cond-assign
  16:4409   warning  'b' is defined but never used                                    no-unused-vars
  16:4685   warning  'd' is defined but never used                                    no-unused-vars
  16:4861   warning  'd' is defined but never used                                    no-unused-vars
  16:5073   warning  'l' is defined but never used                                    no-unused-vars
  16:6877   warning  Empty block statement                                            no-empty
  16:7181   warning  Unnecessary escape character: \-                                 no-useless-escape
  16:7283   warning  Unnecessary escape character: \/                                 no-useless-escape
  16:7368   warning  Unnecessary escape character: \-                                 no-useless-escape
  16:7418   warning  Unnecessary escape character: \/                                 no-useless-escape
  16:7457   warning  Unnecessary escape character: \/                                 no-useless-escape
  16:10926  warning  Empty block statement                                            no-empty
  16:11936  warning  'ActiveXObject' is not defined                                   no-undef
  16:16920  warning  'r' is defined but never used                                    no-unused-vars
  16:20036  warning  Redundant double negation                                        no-extra-boolean-cast
  16:20561  warning  Redundant double negation                                        no-extra-boolean-cast
  16:22433  warning  'e' is defined but never used                                    no-unused-vars
  16:23155  warning  'c' is assigned a value but never used                           no-unused-vars
  16:23265  warning  Expected a conditional expression and instead saw an assignment  no-cond-assign
  16:23657  warning  Unnecessary escape character: \:                                 no-useless-escape
  16:23975  warning  Empty block statement                                            no-empty
  16:25072  warning  Expected a conditional expression and instead saw an assignment  no-cond-assign
  16:30691  warning  Expected a conditional expression and instead saw an assignment  no-cond-assign
  16:31256  warning  'i' is defined but never used                                    no-unused-vars
  16:31485  warning  Expected a conditional expression and instead saw an assignment  no-cond-assign
  16:32074  warning  'g' is assigned a value but never used                           no-unused-vars
  17:1062   warning  Empty block statement                                            no-empty
  17:4632   warning  'a' is defined but never used                                    no-unused-vars
  17:4634   warning  'b' is defined but never used                                    no-unused-vars
  17:5042   warning  'a' is defined but never used                                    no-unused-vars
  17:6125   warning  'a' is defined but never used                                    no-unused-vars
  17:6127   warning  'b' is defined but never used                                    no-unused-vars
  17:6266   warning  'a' is defined but never used                                    no-unused-vars
  17:9740   warning  Unnecessary escape character: \[                                 no-useless-escape
  17:9766   warning  Unnecessary escape character: \[                                 no-useless-escape
  17:9791   warning  Unnecessary escape character: \[                                 no-useless-escape
  17:11485  warning  Expected a conditional expression and instead saw an assignment  no-cond-assign
  17:12497  warning  Unnecessary escape character: \-                                 no-useless-escape
  17:12538  warning  Unnecessary escape character: \-                                 no-useless-escape
  17:12588  warning  Unnecessary escape character: \-                                 no-useless-escape
  17:12638  warning  Unnecessary escape character: \-                                 no-useless-escape
  17:12702  warning  Unnecessary escape character: \-                                 no-useless-escape
  17:12749  warning  Unnecessary escape character: \*                                 no-useless-escape
  17:12751  warning  Unnecessary escape character: \-                                 no-useless-escape
  17:12821  warning  Unnecessary escape character: \-                                 no-useless-escape
  17:12834  warning  Unnecessary escape character: \-                                 no-useless-escape
  17:12852  warning  Unnecessary escape character: \-                                 no-useless-escape
  17:12933  warning  Unnecessary escape character: \-                                 no-useless-escape
  17:12970  warning  Unnecessary escape character: \-                                 no-useless-escape
  17:13000  warning  Unnecessary escape character: \)                                 no-useless-escape
  17:13009  warning  Unnecessary escape character: \(                                 no-useless-escape
  17:13011  warning  Unnecessary escape character: \)                                 no-useless-escape
  17:13331  warning  Expected a conditional expression and instead saw an assignment  no-cond-assign
  17:14711  warning  'b' is defined but never used                                    no-unused-vars
  17:14866  warning  Unnecessary escape character: \-                                 no-useless-escape
  17:17568  warning  Expected a conditional expression and instead saw an assignment  no-cond-assign
  17:17643  warning  Expected a 'break' statement before 'case'                       no-fallthrough
  17:17660  warning  Expected a conditional expression and instead saw an assignment  no-cond-assign
  17:18773  warning  Unnecessary escape character: \[                                 no-useless-escape
  17:18785  warning  Unnecessary escape character: \(                                 no-useless-escape
  17:21483  warning  Unnecessary escape character: \-                                 no-useless-escape
  17:21496  warning  Unnecessary escape character: \-                                 no-useless-escape
  17:21905  warning  Empty block statement                                            no-empty
  17:22187  warning  Empty block statement                                            no-empty
  17:22568  warning  Unnecessary escape character: \=                                 no-useless-escape
  17:22749  warning  Empty block statement                                            no-empty
  17:23605  warning  Expected a conditional expression and instead saw an assignment  no-cond-assign
  17:23961  warning  Unnecessary escape character: \[                                 no-useless-escape
  17:23963  warning  Unnecessary escape character: \.                                 no-useless-escape
  17:27092  warning  'd' is defined but never used                                    no-unused-vars
  17:27559  warning  Unnecessary escape character: \-                                 no-useless-escape
  17:27561  warning  Unnecessary escape character: \-                                 no-useless-escape
  18:2210   warning  Unnecessary escape character: \-                                 no-useless-escape
  18:2225   warning  Unnecessary escape character: \.                                 no-useless-escape
  18:3245   warning  Empty block statement                                            no-empty
  18:4545   warning  Expected a conditional expression and instead saw an assignment  no-cond-assign
  18:5498   warning  Unnecessary escape character: \-                                 no-useless-escape
  18:5510   warning  Unnecessary escape character: \-                                 no-useless-escape
  18:5698   warning  Unnecessary escape character: \+                                 no-useless-escape
  18:5700   warning  Unnecessary escape character: \.                                 no-useless-escape
  18:5702   warning  Unnecessary escape character: \-                                 no-useless-escape
  18:5718   warning  Unnecessary escape character: \/                                 no-useless-escape
  18:6784   warning  'c' is defined but never used                                    no-unused-vars
  18:8179   warning  Expected a conditional expression and instead saw an assignment  no-cond-assign
  18:8241   warning  Expected a conditional expression and instead saw an assignment  no-cond-assign
  18:9110   warning  Expected a conditional expression and instead saw an assignment  no-cond-assign
  18:11453  warning  Unnecessary escape character: \=                                 no-useless-escape
  18:13818  warning  Empty block statement                                            no-empty
  18:14449  warning  Unnecessary escape character: \-                                 no-useless-escape
  18:14461  warning  Unnecessary escape character: \-                                 no-useless-escape
  18:20898  warning  Empty block statement                                            no-empty
  18:22035  warning  'e' is assigned a value but never used                           no-unused-vars
  18:22514  warning  'g' is defined but never used                                    no-unused-vars

/home/runner/work/exp-welding-ndyag-laser-coep/exp-welding-ndyag-laser-coep/experiment/simulation/js/jquery.qtip.min.js
  13:147    warning  'window' is already defined as a built-in global variable        no-redeclare
  13:177    warning  'console' is already defined as a built-in global variable       no-redeclare
  13:1661   warning  Empty block statement                                            no-empty
  13:2091   warning  Empty block statement                                            no-empty
  13:2886   warning  's' is defined but never used                                    no-unused-vars
  13:3765   warning  'h' is defined but never used                                    no-unused-vars
  13:4641   warning  'h' is defined but never used                                    no-unused-vars
  13:5378   warning  Expected a conditional expression and instead saw an assignment  no-cond-assign
  13:5612   warning  Expected a conditional expression and instead saw an assignment  no-cond-assign
  13:7115   warning  'c' is defined but never used                                    no-unused-vars
  13:7378   warning  'x' is assigned a value but never used                           no-unused-vars
  13:8340   warning  't' is assigned a value but never used                           no-unused-vars
  13:8354   warning  'v' is assigned a value but never used                           no-unused-vars
  13:11091  warning  'j' is assigned a value but never used                           no-unused-vars
  13:11708  warning  Empty block statement                                            no-empty
  13:13957  warning  Empty block statement                                            no-empty
  13:14996  warning  'a' is defined but never used                                    no-unused-vars
  13:15147  warning  'd' is assigned a value but never used                           no-unused-vars
  13:18971  warning  Expected a conditional expression and instead saw an assignment  no-cond-assign
  13:21584  warning  Expected a conditional expression and instead saw an assignment  no-cond-assign
  13:22642  warning  'o' is defined but never used                                    no-unused-vars
  13:23929  warning  'h' is defined but never used                                    no-unused-vars
  13:30940  warning  'c' is assigned a value but never used                           no-unused-vars
  13:31143  warning  'r' is assigned a value but never used                           no-unused-vars
  13:34453  warning  'c' is assigned a value but never used                           no-unused-vars
  13:34461  warning  'd' is assigned a value but never used                           no-unused-vars
  13:34899  warning  Empty block statement                                            no-empty
  13:35316  warning  'e' is defined but never used                                    no-unused-vars
  13:36850  warning  'm' is defined but never used                                    no-unused-vars
  13:38612  warning  'c' is defined but never used                                    no-unused-vars

/home/runner/work/exp-welding-ndyag-laser-coep/exp-welding-ndyag-laser-coep/experiment/simulation/js/jquery.simplemodal.js
  10:276  warning  'jQuery' is not defined    no-undef
  23:134  warning  'b' is assigned to itself  no-self-assign
  23:138  warning  'c' is assigned to itself  no-self-assign
  25:246  warning  'jQuery' is not defined    no-undef

/home/runner/work/exp-welding-ndyag-laser-coep/exp-welding-ndyag-laser-coep/experiment/simulation/js/jquery.tinyscrollbar.min.js
  1:223   warning  'b' is defined but never used  no-unused-vars
  1:433   warning  'b' is already defined         no-redeclare
  1:2519  warning  'c' is already defined         no-redeclare
  1:2713  warning  'jQuery' is not defined        no-undef

/home/runner/work/exp-welding-ndyag-laser-coep/exp-welding-ndyag-laser-coep/experiment/simulation/js/laserspotwelding.js
    7:5   warning  'drawSpotX_increament' is assigned a value but never used  no-unused-vars
    8:5   warning  'drawSpotY_increament' is assigned a value but never used  no-unused-vars
   10:5   warning  'y' is assigned a value but never used                     no-unused-vars
   12:5   warning  'y12' is assigned a value but never used                   no-unused-vars
   14:5   warning  'y2' is assigned a value but never used                    no-unused-vars
   15:5   warning  'sel' is assigned a value but never used                   no-unused-vars
   18:5   warning  'Y_increament2' is assigned a value but never used         no-unused-vars
   20:5   warning  'xxxForAfter' is assigned a value but never used           no-unused-vars
   21:5   warning  'yyyForAfter' is assigned a value but never used           no-unused-vars
   23:5   warning  'xxx1ForAfter' is assigned a value but never used          no-unused-vars
   24:5   warning  'yyy1ForAfter' is assigned a value but never used          no-unused-vars
   45:1   warning  '$' is not defined                                         no-undef
   46:5   warning  '$' is not defined                                         no-undef
   47:5   warning  '$' is not defined                                         no-undef
   48:5   warning  '$' is not defined                                         no-undef
   49:5   warning  '$' is not defined                                         no-undef
   50:5   warning  '$' is not defined                                         no-undef
   51:5   warning  '$' is not defined                                         no-undef
   54:5   warning  '$' is not defined                                         no-undef
   55:5   warning  '$' is not defined                                         no-undef
   56:5   warning  '$' is not defined                                         no-undef
   71:1   warning  'drawLineInXdirection' is not defined                      no-undef
   73:1   warning  'drawLineInXdirection' is not defined                      no-undef
   84:3   warning  't' is not defined                                         no-undef
   86:16  warning  't' is not defined                                         no-undef
   88:3   warning  'drawLineInYdirection' is not defined                      no-undef
   91:1   warning  'drawLineInYdirection' is not defined                      no-undef
  101:3   warning  't' is not defined                                         no-undef
  103:16  warning  't' is not defined                                         no-undef
  107:3   warning  'drawLineInYdirection1' is not defined                     no-undef
  111:1   warning  'drawLineInYdirection1' is not defined                     no-undef
  121:3   warning  't' is not defined                                         no-undef
  123:16  warning  't' is not defined                                         no-undef
  127:3   warning  'drawLineInYdirection2' is not defined                     no-undef
  130:1   warning  'drawLineInYdirection2' is not defined                     no-undef
  140:3   warning  't' is not defined                                         no-undef
  142:16  warning  't' is not defined                                         no-undef
  159:2   warning  't' is not defined                                         no-undef
  161:15  warning  't' is not defined                                         no-undef
  179:2   warning  't' is not defined                                         no-undef
  181:15  warning  't' is not defined                                         no-undef
  186:10  warning  'drawTriangle1' is defined but never used                  no-unused-vars
  200:10  warning  'drawSpotsOnY' is defined but never used                   no-unused-vars
  200:26  warning  'y1' is defined but never used                             no-unused-vars
  209:2   warning  't' is not defined                                         no-undef
  211:15  warning  't' is not defined                                         no-undef
  214:10  warning  'enableSelectBox1' is defined but never used               no-unused-vars
  216:2   warning  '$' is not defined                                         no-undef
  217:2   warning  '$' is not defined                                         no-undef
  218:2   warning  '$' is not defined                                         no-undef
  220:2   warning  '$' is not defined                                         no-undef
  221:2   warning  '$' is not defined                                         no-undef
  222:2   warning  '$' is not defined                                         no-undef
  226:5   warning  'refresh' is assigned a value but never used               no-unused-vars
  229:10  warning  'enableSelectBox2' is defined but never used               no-unused-vars
  231:2   warning  '$' is not defined                                         no-undef
  233:2   warning  '$' is not defined                                         no-undef
  234:2   warning  '$' is not defined                                         no-undef
  235:2   warning  '$' is not defined                                         no-undef
  236:2   warning  '$' is not defined                                         no-undef
  239:2   warning  '$' is not defined                                         no-undef
  240:2   warning  '$' is not defined                                         no-undef
  241:2   warning  '$' is not defined                                         no-undef
  423:10  warning  'insertInputs2' is defined but never used                  no-unused-vars
  436:3   warning  '$' is not defined                                         no-undef
  437:3   warning  '$' is not defined                                         no-undef
  445:3   warning  '$' is not defined                                         no-undef
  446:3   warning  '$' is not defined                                         no-undef
  456:3   warning  '$' is not defined                                         no-undef
  457:3   warning  '$' is not defined                                         no-undef
  466:3   warning  '$' is not defined                                         no-undef
  467:3   warning  '$' is not defined                                         no-undef
  476:3   warning  '$' is not defined                                         no-undef
  477:3   warning  '$' is not defined                                         no-undef
  480:2   warning  '$' is not defined                                         no-undef
  490:3   warning  '$' is not defined                                         no-undef
  491:3   warning  '$' is not defined                                         no-undef
  499:3   warning  '$' is not defined                                         no-undef
  500:3   warning  '$' is not defined                                         no-undef
  510:3   warning  '$' is not defined                                         no-undef
  511:3   warning  '$' is not defined                                         no-undef
  520:3   warning  '$' is not defined                                         no-undef
  521:3   warning  '$' is not defined                                         no-undef
  530:3   warning  '$' is not defined                                         no-undef
  531:3   warning  '$' is not defined                                         no-undef
  538:10  warning  'count' is defined but never used                          no-unused-vars
  542:2   warning  '$' is not defined                                         no-undef
  543:2   warning  '$' is not defined                                         no-undef
  546:3   warning  '$' is not defined                                         no-undef
  552:10  warning  'insertInputs1' is defined but never used                  no-unused-vars
  566:3   warning  '$' is not defined                                         no-undef
  567:3   warning  '$' is not defined                                         no-undef
  576:3   warning  '$' is not defined                                         no-undef
  577:3   warning  '$' is not defined                                         no-undef
  586:3   warning  '$' is not defined                                         no-undef
  587:3   warning  '$' is not defined                                         no-undef
  596:3   warning  '$' is not defined                                         no-undef
  597:3   warning  '$' is not defined                                         no-undef
  606:3   warning  '$' is not defined                                         no-undef
  607:3   warning  '$' is not defined                                         no-undef
  616:3   warning  '$' is not defined                                         no-undef
  617:3   warning  '$' is not defined                                         no-undef
  631:3   warning  '$' is not defined                                         no-undef
  632:3   warning  '$' is not defined                                         no-undef
  641:3   warning  '$' is not defined                                         no-undef
  642:3   warning  '$' is not defined                                         no-undef
  651:3   warning  '$' is not defined                                         no-undef
  652:3   warning  '$' is not defined                                         no-undef
  661:3   warning  '$' is not defined                                         no-undef
  662:3   warning  '$' is not defined                                         no-undef
  671:3   warning  '$' is not defined                                         no-undef
  672:3   warning  '$' is not defined                                         no-undef
  681:3   warning  '$' is not defined                                         no-undef
  682:3   warning  '$' is not defined                                         no-undef
  693:2   warning  '$' is not defined                                         no-undef
  694:2   warning  '$' is not defined                                         no-undef
  720:2   warning  '$' is not defined                                         no-undef
  721:2   warning  '$' is not defined                                         no-undef
  722:2   warning  '$' is not defined                                         no-undef
  724:10  warning  'drawcharts' is defined but never used                     no-unused-vars
  734:20  warning  'Highcharts' is not defined                                no-undef
  739:3   warning  Mixed spaces and tabs                                      no-mixed-spaces-and-tabs
  740:3   warning  Mixed spaces and tabs                                      no-mixed-spaces-and-tabs
  741:3   warning  Mixed spaces and tabs                                      no-mixed-spaces-and-tabs
  742:3   warning  Mixed spaces and tabs                                      no-mixed-spaces-and-tabs
  743:3   warning  Mixed spaces and tabs                                      no-mixed-spaces-and-tabs
  744:3   warning  Mixed spaces and tabs                                      no-mixed-spaces-and-tabs
  759:3   warning  Mixed spaces and tabs                                      no-mixed-spaces-and-tabs
  760:3   warning  Mixed spaces and tabs                                      no-mixed-spaces-and-tabs
  762:3   warning  Mixed spaces and tabs                                      no-mixed-spaces-and-tabs
  763:3   warning  Mixed spaces and tabs                                      no-mixed-spaces-and-tabs
  764:3   warning  Mixed spaces and tabs                                      no-mixed-spaces-and-tabs
  790:6   warning  'chart1' is already defined                                no-redeclare
  791:6   warning  'd' is already defined                                     no-redeclare
  792:2   warning  'chart1' is assigned a value but never used                no-unused-vars
  792:15  warning  'Highcharts' is not defined                                no-undef
  800:3   warning  Mixed spaces and tabs                                      no-mixed-spaces-and-tabs
  801:3   warning  Mixed spaces and tabs                                      no-mixed-spaces-and-tabs
  802:3   warning  Mixed spaces and tabs                                      no-mixed-spaces-and-tabs
  803:3   warning  Mixed spaces and tabs                                      no-mixed-spaces-and-tabs
  804:3   warning  Mixed spaces and tabs                                      no-mixed-spaces-and-tabs
  805:3   warning  Mixed spaces and tabs                                      no-mixed-spaces-and-tabs
  819:3   warning  Mixed spaces and tabs                                      no-mixed-spaces-and-tabs
  820:3   warning  Mixed spaces and tabs                                      no-mixed-spaces-and-tabs
  822:3   warning  Mixed spaces and tabs                                      no-mixed-spaces-and-tabs
  823:3   warning  Mixed spaces and tabs                                      no-mixed-spaces-and-tabs
  824:3   warning  Mixed spaces and tabs                                      no-mixed-spaces-and-tabs
  851:7   warning  'r' is assigned a value but never used                     no-unused-vars
  857:23  warning  'ssx' is assigned a value but never used                   no-unused-vars
  857:61  warning  'sxxx' is already defined                                  no-redeclare
  877:7   warning  'm2' is assigned a value but never used                    no-unused-vars
  878:7   warning  'm3' is assigned a value but never used                    no-unused-vars
  879:7   warning  'm4' is assigned a value but never used                    no-unused-vars
  881:11  warning  'i' is already defined                                     no-redeclare
  892:7   warning  'r' is assigned a value but never used                     no-unused-vars
  898:23  warning  'ssx' is assigned a value but never used                   no-unused-vars
  898:61  warning  'sxxx' is already defined                                  no-redeclare
  914:8   warning  Mixed spaces and tabs                                      no-mixed-spaces-and-tabs
  919:7   warning  'm2' is assigned a value but never used                    no-unused-vars
  921:11  warning  'i' is already defined                                     no-redeclare
  950:5   warning  'image' is assigned a value but never used                 no-unused-vars
  952:2   warning  'swfobject' is not defined                                 no-undef

/home/runner/work/exp-welding-ndyag-laser-coep/exp-welding-ndyag-laser-coep/experiment/simulation/js/model.js
   1:1   warning  'jQuery' is not defined      no-undef
  23:13  warning  'drawcharts' is not defined  no-undef

/home/runner/work/exp-welding-ndyag-laser-coep/exp-welding-ndyag-laser-coep/experiment/simulation/js/model1.js
   1:1   warning  'jQuery' is not defined  no-undef
  23:13  warning  'image' is not defined   no-undef

/home/runner/work/exp-welding-ndyag-laser-coep/exp-welding-ndyag-laser-coep/experiment/simulation/js/modules/exporting.js
   9:19   warning  'Highcharts' is not defined       no-undef
  14:201  warning  'Highcharts' is not defined       no-undef
  14:318  warning  'e' is already defined            no-redeclare
  15:489  warning  Unnecessary escape character: \/  no-useless-escape
  16:361  warning  'b' is already defined            no-redeclare
  20:57   warning  'b' is already defined            no-redeclare

/home/runner/work/exp-welding-ndyag-laser-coep/exp-welding-ndyag-laser-coep/experiment/simulation/js/modules/exporting.src.js
   11:22  warning  'document' is already defined as a built-in global variable    no-redeclare
   11:32  warning  'window' is already defined as a built-in global variable      no-redeclare
   11:40  warning  'Math' is already defined as a built-in global variable        no-redeclare
   11:46  warning  'setTimeout' is already defined as a built-in global variable  no-redeclare
  320:31  warning  Unnecessary escape character: \/                               no-useless-escape

/home/runner/work/exp-welding-ndyag-laser-coep/exp-welding-ndyag-laser-coep/experiment/simulation/js/raphael.js
  3718:58  error  Parsing error: Deleting local variable in strict mode

/home/runner/work/exp-welding-ndyag-laser-coep/exp-welding-ndyag-laser-coep/experiment/simulation/js/swfobject.js
  4:1074  warning  'ActiveXObject' is not defined          no-undef
  4:1245  warning  Empty block statement                   no-empty
  4:1297  warning  'k' is assigned a value but never used  no-unused-vars
  4:6921  warning  Empty block statement                   no-empty
  4:7918  warning  Unnecessary escape character: \"        no-useless-escape
  4:7922  warning  Unnecessary escape character: \.        no-useless-escape
  4:8017  warning  'd' is assigned a value but never used  no-unused-vars

/home/runner/work/exp-welding-ndyag-laser-coep/exp-welding-ndyag-laser-coep/experiment/simulation/js/themes/dark-blue.js
    6:1   warning  'Highcharts' is not defined                             no-undef
  263:5   warning  'highchartsOptions' is assigned a value but never used  no-unused-vars
  263:25  warning  'Highcharts' is not defined                             no-undef
  263:47  warning  'Highcharts' is not defined                             no-undef

/home/runner/work/exp-welding-ndyag-laser-coep/exp-welding-ndyag-laser-coep/experiment/simulation/js/themes/dark-green.js
    6:1   warning  'Highcharts' is not defined                             no-undef
  263:5   warning  'highchartsOptions' is assigned a value but never used  no-unused-vars
  263:25  warning  'Highcharts' is not defined                             no-undef
  263:47  warning  'Highcharts' is not defined                             no-undef

/home/runner/work/exp-welding-ndyag-laser-coep/exp-welding-ndyag-laser-coep/experiment/simulation/js/themes/gray.js
    6:1   warning  'Highcharts' is not defined                             no-undef
  262:5   warning  'highchartsOptions' is assigned a value but never used  no-unused-vars
  262:25  warning  'Highcharts' is not defined                             no-undef
  262:47  warning  'Highcharts' is not defined                             no-undef

/home/runner/work/exp-welding-ndyag-laser-coep/exp-welding-ndyag-laser-coep/experiment/simulation/js/themes/grid.js
   6:1   warning  'Highcharts' is not defined                             no-undef
  95:5   warning  'highchartsOptions' is assigned a value but never used  no-unused-vars
  95:25  warning  'Highcharts' is not defined                             no-undef
  95:47  warning  'Highcharts' is not defined                             no-undef

/home/runner/work/exp-welding-ndyag-laser-coep/exp-welding-ndyag-laser-coep/experiment/simulation/js/themes/skies.js
   6:1   warning  'Highcharts' is not defined                             no-undef
  89:5   warning  'highchartsOptions' is assigned a value but never used  no-unused-vars
  89:25  warning  'Highcharts' is not defined                             no-undef
  89:47  warning  'Highcharts' is not defined                             no-undef

✖ 487 problems (1 error, 486 warnings)
  0 errors and 2 warnings potentially fixable with the `--fix` option.

